[0.212s] DEBUG:colcon:Command line arguments: ['/usr/bin/colcon', 'build', '--packages-select', 'd1_550_description']
[0.213s] DEBUG:colcon:Parsed command line arguments: Namespace(allow_overriding=[], ament_cmake_args=None, base_paths=['.'], build_base='build', catkin_cmake_args=None, catkin_skip_building_tests=False, cmake_args=None, cmake_clean_cache=False, cmake_clean_first=False, cmake_force_configure=False, cmake_target=None, cmake_target_skip_unavailable=False, continue_on_error=False, event_handlers=None, executor='parallel', ignore_user_meta=False, install_base='install', log_base=None, log_level=None, main=<bound method BuildVerb.main of <colcon_core.verb.build.BuildVerb object at 0x7fd9a3966460>>, merge_install=False, metas=['./colcon.meta'], mixin=None, mixin_files=None, mixin_verb=('build',), packages_above=None, packages_above_and_dependencies=None, packages_above_depth=None, packages_end=None, packages_ignore=None, packages_ignore_regex=None, packages_select=['d1_550_description'], packages_select_build_failed=False, packages_select_by_dep=None, packages_select_regex=None, packages_select_test_failures=False, packages_skip=None, packages_skip_build_finished=False, packages_skip_by_dep=None, packages_skip_regex=None, packages_skip_test_passed=False, packages_skip_up_to=None, packages_start=None, packages_up_to=None, packages_up_to_regex=None, parallel_workers=8, paths=None, symlink_install=False, test_result_base=None, verb_extension=<colcon_core.verb.build.BuildVerb object at 0x7fd9a3966460>, verb_name='build', verb_parser=<colcon_mixin.mixin.mixin_argument.MixinArgumentDecorator object at 0x7fd9a38c93a0>)
[0.387s] Level 1:colcon.colcon_core.package_discovery:discover_packages(colcon_meta) check parameters
[0.387s] Level 1:colcon.colcon_core.package_discovery:discover_packages(recursive) check parameters
[0.387s] Level 1:colcon.colcon_core.package_discovery:discover_packages(ignore) check parameters
[0.387s] Level 1:colcon.colcon_core.package_discovery:discover_packages(path) check parameters
[0.387s] Level 1:colcon.colcon_core.package_discovery:discover_packages(colcon_meta) discover
[0.387s] Level 1:colcon.colcon_core.package_discovery:discover_packages(recursive) discover
[0.387s] INFO:colcon.colcon_core.package_discovery:Crawling recursively for packages in '/home/wso2/ros2_ws'
[0.387s] Level 1:colcon.colcon_core.package_identification:_identify(.) by extensions ['ignore', 'ignore_ament_install']
[0.387s] Level 1:colcon.colcon_core.package_identification:_identify(.) by extension 'ignore'
[0.387s] Level 1:colcon.colcon_core.package_identification:_identify(.) by extension 'ignore_ament_install'
[0.388s] Level 1:colcon.colcon_core.package_identification:_identify(.) by extensions ['colcon_pkg']
[0.388s] Level 1:colcon.colcon_core.package_identification:_identify(.) by extension 'colcon_pkg'
[0.388s] Level 1:colcon.colcon_core.package_identification:_identify(.) by extensions ['colcon_meta']
[0.388s] Level 1:colcon.colcon_core.package_identification:_identify(.) by extension 'colcon_meta'
[0.388s] Level 1:colcon.colcon_core.package_identification:_identify(.) by extensions ['ros']
[0.388s] Level 1:colcon.colcon_core.package_identification:_identify(.) by extension 'ros'
[0.400s] Level 1:colcon.colcon_core.package_identification:_identify(.) by extensions ['cmake', 'python']
[0.400s] Level 1:colcon.colcon_core.package_identification:_identify(.) by extension 'cmake'
[0.400s] Level 1:colcon.colcon_core.package_identification:_identify(.) by extension 'python'
[0.400s] Level 1:colcon.colcon_core.package_identification:_identify(.) by extensions ['python_setup_py']
[0.400s] Level 1:colcon.colcon_core.package_identification:_identify(.) by extension 'python_setup_py'
[0.400s] Level 1:colcon.colcon_core.package_identification:_identify(build) by extensions ['ignore', 'ignore_ament_install']
[0.400s] Level 1:colcon.colcon_core.package_identification:_identify(build) by extension 'ignore'
[0.400s] Level 1:colcon.colcon_core.package_identification:_identify(build) ignored
[0.400s] Level 1:colcon.colcon_core.package_identification:_identify(install) by extensions ['ignore', 'ignore_ament_install']
[0.400s] Level 1:colcon.colcon_core.package_identification:_identify(install) by extension 'ignore'
[0.400s] Level 1:colcon.colcon_core.package_identification:_identify(install) ignored
[0.401s] Level 1:colcon.colcon_core.package_identification:_identify(log) by extensions ['ignore', 'ignore_ament_install']
[0.401s] Level 1:colcon.colcon_core.package_identification:_identify(log) by extension 'ignore'
[0.401s] Level 1:colcon.colcon_core.package_identification:_identify(log) ignored
[0.401s] Level 1:colcon.colcon_core.package_identification:_identify(src) by extensions ['ignore', 'ignore_ament_install']
[0.401s] Level 1:colcon.colcon_core.package_identification:_identify(src) by extension 'ignore'
[0.401s] Level 1:colcon.colcon_core.package_identification:_identify(src) by extension 'ignore_ament_install'
[0.401s] Level 1:colcon.colcon_core.package_identification:_identify(src) by extensions ['colcon_pkg']
[0.401s] Level 1:colcon.colcon_core.package_identification:_identify(src) by extension 'colcon_pkg'
[0.401s] Level 1:colcon.colcon_core.package_identification:_identify(src) by extensions ['colcon_meta']
[0.401s] Level 1:colcon.colcon_core.package_identification:_identify(src) by extension 'colcon_meta'
[0.401s] Level 1:colcon.colcon_core.package_identification:_identify(src) by extensions ['ros']
[0.401s] Level 1:colcon.colcon_core.package_identification:_identify(src) by extension 'ros'
[0.401s] Level 1:colcon.colcon_core.package_identification:_identify(src) by extensions ['cmake', 'python']
[0.401s] Level 1:colcon.colcon_core.package_identification:_identify(src) by extension 'cmake'
[0.401s] Level 1:colcon.colcon_core.package_identification:_identify(src) by extension 'python'
[0.401s] Level 1:colcon.colcon_core.package_identification:_identify(src) by extensions ['python_setup_py']
[0.402s] Level 1:colcon.colcon_core.package_identification:_identify(src) by extension 'python_setup_py'
[0.402s] Level 1:colcon.colcon_core.package_identification:_identify(src/d1_550_description) by extensions ['ignore', 'ignore_ament_install']
[0.402s] Level 1:colcon.colcon_core.package_identification:_identify(src/d1_550_description) by extension 'ignore'
[0.402s] Level 1:colcon.colcon_core.package_identification:_identify(src/d1_550_description) by extension 'ignore_ament_install'
[0.402s] Level 1:colcon.colcon_core.package_identification:_identify(src/d1_550_description) by extensions ['colcon_pkg']
[0.402s] Level 1:colcon.colcon_core.package_identification:_identify(src/d1_550_description) by extension 'colcon_pkg'
[0.402s] Level 1:colcon.colcon_core.package_identification:_identify(src/d1_550_description) by extensions ['colcon_meta']
[0.402s] Level 1:colcon.colcon_core.package_identification:_identify(src/d1_550_description) by extension 'colcon_meta'
[0.402s] Level 1:colcon.colcon_core.package_identification:_identify(src/d1_550_description) by extensions ['ros']
[0.402s] Level 1:colcon.colcon_core.package_identification:_identify(src/d1_550_description) by extension 'ros'
[0.405s] DEBUG:colcon.colcon_core.package_identification:Package 'src/d1_550_description' with type 'ros.ament_cmake' and name 'd1_550_description'
[0.405s] Level 1:colcon.colcon_core.package_identification:_identify(src/unitree_d1_description1) by extensions ['ignore', 'ignore_ament_install']
[0.405s] Level 1:colcon.colcon_core.package_identification:_identify(src/unitree_d1_description1) by extension 'ignore'
[0.405s] Level 1:colcon.colcon_core.package_identification:_identify(src/unitree_d1_description1) by extension 'ignore_ament_install'
[0.405s] Level 1:colcon.colcon_core.package_identification:_identify(src/unitree_d1_description1) by extensions ['colcon_pkg']
[0.405s] Level 1:colcon.colcon_core.package_identification:_identify(src/unitree_d1_description1) by extension 'colcon_pkg'
[0.405s] Level 1:colcon.colcon_core.package_identification:_identify(src/unitree_d1_description1) by extensions ['colcon_meta']
[0.405s] Level 1:colcon.colcon_core.package_identification:_identify(src/unitree_d1_description1) by extension 'colcon_meta'
[0.406s] Level 1:colcon.colcon_core.package_identification:_identify(src/unitree_d1_description1) by extensions ['ros']
[0.406s] Level 1:colcon.colcon_core.package_identification:_identify(src/unitree_d1_description1) by extension 'ros'
[0.406s] DEBUG:colcon.colcon_core.package_identification:Package 'src/unitree_d1_description1' with type 'ros.ament_cmake' and name 'unitree_d1_description'
[0.406s] Level 1:colcon.colcon_core.package_discovery:discover_packages(recursive) using defaults
[0.406s] Level 1:colcon.colcon_core.package_discovery:discover_packages(ignore) discover
[0.406s] Level 1:colcon.colcon_core.package_discovery:discover_packages(ignore) using defaults
[0.406s] Level 1:colcon.colcon_core.package_discovery:discover_packages(path) discover
[0.406s] Level 1:colcon.colcon_core.package_discovery:discover_packages(path) using defaults
[0.432s] INFO:colcon.colcon_core.package_selection:Skipping not selected package 'unitree_d1_description' in 'src/unitree_d1_description1'
[0.432s] Level 1:colcon.colcon_core.package_discovery:discover_packages(prefix_path) check parameters
[0.432s] Level 1:colcon.colcon_core.package_discovery:discover_packages(prefix_path) discover
[0.433s] WARNING:colcon.colcon_ros.prefix_path.ament:The path '/home/wso2/ros2_ws/install/d1_550_description' in the environment variable AMENT_PREFIX_PATH doesn't exist
[0.433s] WARNING:colcon.colcon_ros.prefix_path.catkin:The path '/home/wso2/ros2_ws/install/d1_550_description' in the environment variable CMAKE_PREFIX_PATH doesn't exist
[0.434s] DEBUG:colcon.colcon_installed_package_information.package_discovery:Found 0 installed packages in /home/wso2/ros2_ws/install
[0.435s] DEBUG:colcon.colcon_installed_package_information.package_discovery:Found 327 installed packages in /opt/ros/foxy
[0.437s] Level 1:colcon.colcon_core.package_discovery:discover_packages(prefix_path) using defaults
[0.514s] Level 5:colcon.colcon_core.verb:set package 'd1_550_description' build argument 'cmake_args' from command line to 'None'
[0.514s] Level 5:colcon.colcon_core.verb:set package 'd1_550_description' build argument 'cmake_target' from command line to 'None'
[0.514s] Level 5:colcon.colcon_core.verb:set package 'd1_550_description' build argument 'cmake_target_skip_unavailable' from command line to 'False'
[0.514s] Level 5:colcon.colcon_core.verb:set package 'd1_550_description' build argument 'cmake_clean_cache' from command line to 'False'
[0.515s] Level 5:colcon.colcon_core.verb:set package 'd1_550_description' build argument 'cmake_clean_first' from command line to 'False'
[0.515s] Level 5:colcon.colcon_core.verb:set package 'd1_550_description' build argument 'cmake_force_configure' from command line to 'False'
[0.515s] Level 5:colcon.colcon_core.verb:set package 'd1_550_description' build argument 'ament_cmake_args' from command line to 'None'
[0.515s] Level 5:colcon.colcon_core.verb:set package 'd1_550_description' build argument 'catkin_cmake_args' from command line to 'None'
[0.515s] Level 5:colcon.colcon_core.verb:set package 'd1_550_description' build argument 'catkin_skip_building_tests' from command line to 'False'
[0.515s] DEBUG:colcon.colcon_core.verb:Building package 'd1_550_description' with the following arguments: {'ament_cmake_args': None, 'build_base': '/home/wso2/ros2_ws/build/d1_550_description', 'catkin_cmake_args': None, 'catkin_skip_building_tests': False, 'cmake_args': None, 'cmake_clean_cache': False, 'cmake_clean_first': False, 'cmake_force_configure': False, 'cmake_target': None, 'cmake_target_skip_unavailable': False, 'install_base': '/home/wso2/ros2_ws/install/d1_550_description', 'merge_install': False, 'path': '/home/wso2/ros2_ws/src/d1_550_description', 'symlink_install': False, 'test_result_base': None}
[0.515s] INFO:colcon.colcon_core.executor:Executing jobs using 'parallel' executor
[0.516s] DEBUG:colcon.colcon_parallel_executor.executor.parallel:run_until_complete
[0.516s] INFO:colcon.colcon_ros.task.ament_cmake.build:Building ROS package in '/home/wso2/ros2_ws/src/d1_550_description' with build type 'ament_cmake'
[0.516s] INFO:colcon.colcon_cmake.task.cmake.build:Building CMake package in '/home/wso2/ros2_ws/src/d1_550_description'
[0.518s] INFO:colcon.colcon_core.plugin_system:Skipping extension 'colcon_core.shell.bat': Not used on non-Windows systems
[0.518s] INFO:colcon.colcon_core.shell:Skip shell extension 'powershell' for command environment: Not usable outside of PowerShell
[0.518s] DEBUG:colcon.colcon_core.shell:Skip shell extension 'dsv' for command environment
[0.529s] DEBUG:colcon.colcon_core.event_handler.log_command:Invoking command in '/home/wso2/ros2_ws/build/d1_550_description': CMAKE_PREFIX_PATH=${CMAKE_PREFIX_PATH}:/opt/ros/foxy /usr/bin/cmake /home/wso2/ros2_ws/src/d1_550_description -DCMAKE_INSTALL_PREFIX=/home/wso2/ros2_ws/install/d1_550_description
[1.294s] DEBUG:colcon.colcon_core.event_handler.log_command:Invoked command in '/home/wso2/ros2_ws/build/d1_550_description' returned '0': CMAKE_PREFIX_PATH=${CMAKE_PREFIX_PATH}:/opt/ros/foxy /usr/bin/cmake /home/wso2/ros2_ws/src/d1_550_description -DCMAKE_INSTALL_PREFIX=/home/wso2/ros2_ws/install/d1_550_description
[1.296s] DEBUG:colcon.colcon_core.event_handler.log_command:Invoking command in '/home/wso2/ros2_ws/build/d1_550_description': CMAKE_PREFIX_PATH=${CMAKE_PREFIX_PATH}:/opt/ros/foxy /usr/bin/cmake --build /home/wso2/ros2_ws/build/d1_550_description -- -j8 -l8
[1.339s] DEBUG:colcon.colcon_core.event_handler.log_command:Invoked command in '/home/wso2/ros2_ws/build/d1_550_description' returned '0': CMAKE_PREFIX_PATH=${CMAKE_PREFIX_PATH}:/opt/ros/foxy /usr/bin/cmake --build /home/wso2/ros2_ws/build/d1_550_description -- -j8 -l8
[1.352s] DEBUG:colcon.colcon_core.event_handler.log_command:Invoking command in '/home/wso2/ros2_ws/build/d1_550_description': CMAKE_PREFIX_PATH=${CMAKE_PREFIX_PATH}:/opt/ros/foxy /usr/bin/cmake --install /home/wso2/ros2_ws/build/d1_550_description
[1.380s] Level 1:colcon.colcon_core.environment:create_environment_scripts_only(d1_550_description)
[1.381s] DEBUG:colcon.colcon_core.event_handler.log_command:Invoked command in '/home/wso2/ros2_ws/build/d1_550_description' returned '0': CMAKE_PREFIX_PATH=${CMAKE_PREFIX_PATH}:/opt/ros/foxy /usr/bin/cmake --install /home/wso2/ros2_ws/build/d1_550_description
[1.384s] Level 1:colcon.colcon_core.environment:checking '/home/wso2/ros2_ws/install/d1_550_description' for CMake module files
[1.385s] Level 1:colcon.colcon_core.environment:checking '/home/wso2/ros2_ws/install/d1_550_description' for CMake config files
[1.385s] Level 1:colcon.colcon_core.shell:create_environment_hook('d1_550_description', 'cmake_prefix_path')
[1.386s] INFO:colcon.colcon_core.shell:Creating environment hook '/home/wso2/ros2_ws/install/d1_550_description/share/d1_550_description/hook/cmake_prefix_path.ps1'
[1.387s] INFO:colcon.colcon_core.shell:Creating environment descriptor '/home/wso2/ros2_ws/install/d1_550_description/share/d1_550_description/hook/cmake_prefix_path.dsv'
[1.388s] INFO:colcon.colcon_core.shell:Creating environment hook '/home/wso2/ros2_ws/install/d1_550_description/share/d1_550_description/hook/cmake_prefix_path.sh'
[1.389s] Level 1:colcon.colcon_core.environment:checking '/home/wso2/ros2_ws/install/d1_550_description/bin'
[1.389s] Level 1:colcon.colcon_core.environment:checking '/home/wso2/ros2_ws/install/d1_550_description/lib/pkgconfig/d1_550_description.pc'
[1.390s] Level 1:colcon.colcon_core.environment:checking '/home/wso2/ros2_ws/install/d1_550_description/lib/python3.8/site-packages'
[1.390s] Level 1:colcon.colcon_core.environment:checking '/home/wso2/ros2_ws/install/d1_550_description/bin'
[1.391s] INFO:colcon.colcon_core.shell:Creating package script '/home/wso2/ros2_ws/install/d1_550_description/share/d1_550_description/package.ps1'
[1.392s] INFO:colcon.colcon_core.shell:Creating package descriptor '/home/wso2/ros2_ws/install/d1_550_description/share/d1_550_description/package.dsv'
[1.393s] INFO:colcon.colcon_core.shell:Creating package script '/home/wso2/ros2_ws/install/d1_550_description/share/d1_550_description/package.sh'
[1.394s] INFO:colcon.colcon_core.shell:Creating package script '/home/wso2/ros2_ws/install/d1_550_description/share/d1_550_description/package.bash'
[1.395s] INFO:colcon.colcon_core.shell:Creating package script '/home/wso2/ros2_ws/install/d1_550_description/share/d1_550_description/package.zsh'
[1.396s] Level 1:colcon.colcon_core.environment:create_file_with_runtime_dependencies(/home/wso2/ros2_ws/install/d1_550_description/share/colcon-core/packages/d1_550_description)
[1.397s] Level 1:colcon.colcon_core.environment:create_environment_scripts_only(d1_550_description)
[1.398s] Level 1:colcon.colcon_core.environment:checking '/home/wso2/ros2_ws/install/d1_550_description' for CMake module files
[1.398s] Level 1:colcon.colcon_core.environment:checking '/home/wso2/ros2_ws/install/d1_550_description' for CMake config files
[1.399s] Level 1:colcon.colcon_core.shell:create_environment_hook('d1_550_description', 'cmake_prefix_path')
[1.399s] INFO:colcon.colcon_core.shell:Creating environment hook '/home/wso2/ros2_ws/install/d1_550_description/share/d1_550_description/hook/cmake_prefix_path.ps1'
[1.400s] INFO:colcon.colcon_core.shell:Creating environment descriptor '/home/wso2/ros2_ws/install/d1_550_description/share/d1_550_description/hook/cmake_prefix_path.dsv'
[1.400s] INFO:colcon.colcon_core.shell:Creating environment hook '/home/wso2/ros2_ws/install/d1_550_description/share/d1_550_description/hook/cmake_prefix_path.sh'
[1.401s] Level 1:colcon.colcon_core.environment:checking '/home/wso2/ros2_ws/install/d1_550_description/bin'
[1.401s] Level 1:colcon.colcon_core.environment:checking '/home/wso2/ros2_ws/install/d1_550_description/lib/pkgconfig/d1_550_description.pc'
[1.401s] Level 1:colcon.colcon_core.environment:checking '/home/wso2/ros2_ws/install/d1_550_description/lib/python3.8/site-packages'
[1.402s] Level 1:colcon.colcon_core.environment:checking '/home/wso2/ros2_ws/install/d1_550_description/bin'
[1.403s] INFO:colcon.colcon_core.shell:Creating package script '/home/wso2/ros2_ws/install/d1_550_description/share/d1_550_description/package.ps1'
[1.403s] INFO:colcon.colcon_core.shell:Creating package descriptor '/home/wso2/ros2_ws/install/d1_550_description/share/d1_550_description/package.dsv'
[1.404s] INFO:colcon.colcon_core.shell:Creating package script '/home/wso2/ros2_ws/install/d1_550_description/share/d1_550_description/package.sh'
[1.405s] INFO:colcon.colcon_core.shell:Creating package script '/home/wso2/ros2_ws/install/d1_550_description/share/d1_550_description/package.bash'
[1.405s] INFO:colcon.colcon_core.shell:Creating package script '/home/wso2/ros2_ws/install/d1_550_description/share/d1_550_description/package.zsh'
[1.406s] Level 1:colcon.colcon_core.environment:create_file_with_runtime_dependencies(/home/wso2/ros2_ws/install/d1_550_description/share/colcon-core/packages/d1_550_description)
[1.406s] DEBUG:colcon.colcon_parallel_executor.executor.parallel:closing loop
[1.407s] DEBUG:colcon.colcon_parallel_executor.executor.parallel:loop closed
[1.407s] DEBUG:colcon.colcon_parallel_executor.executor.parallel:run_until_complete finished with '0'
[1.407s] DEBUG:colcon.colcon_core.event_reactor:joining thread
[1.413s] INFO:colcon.colcon_core.plugin_system:Skipping extension 'colcon_notification.desktop_notification.terminal_notifier': Not used on non-Darwin systems
[1.413s] INFO:colcon.colcon_core.plugin_system:Skipping extension 'colcon_notification.desktop_notification.win32': Not used on non-Windows systems
[1.413s] INFO:colcon.colcon_notification.desktop_notification:Sending desktop notification using 'notify2'
[1.431s] DEBUG:colcon.colcon_core.event_reactor:joined thread
[1.431s] INFO:colcon.colcon_core.shell:Creating prefix script '/home/wso2/ros2_ws/install/local_setup.ps1'
[1.433s] INFO:colcon.colcon_core.shell:Creating prefix util module '/home/wso2/ros2_ws/install/_local_setup_util_ps1.py'
[1.436s] INFO:colcon.colcon_core.shell:Creating prefix chain script '/home/wso2/ros2_ws/install/setup.ps1'
[1.438s] INFO:colcon.colcon_core.shell:Creating prefix script '/home/wso2/ros2_ws/install/local_setup.sh'
[1.439s] INFO:colcon.colcon_core.shell:Creating prefix util module '/home/wso2/ros2_ws/install/_local_setup_util_sh.py'
[1.440s] INFO:colcon.colcon_core.shell:Creating prefix chain script '/home/wso2/ros2_ws/install/setup.sh'
[1.442s] INFO:colcon.colcon_core.shell:Creating prefix script '/home/wso2/ros2_ws/install/local_setup.bash'
[1.443s] INFO:colcon.colcon_core.shell:Creating prefix chain script '/home/wso2/ros2_ws/install/setup.bash'
[1.445s] INFO:colcon.colcon_core.shell:Creating prefix script '/home/wso2/ros2_ws/install/local_setup.zsh'
[1.446s] INFO:colcon.colcon_core.shell:Creating prefix chain script '/home/wso2/ros2_ws/install/setup.zsh'
