[0.012s] Invoking command in '/home/wso2/ros2_ws/build/d1_550_description': CMAKE_PREFIX_PATH=${CMAKE_PREFIX_PATH}:/opt/ros/foxy /usr/bin/cmake /home/wso2/ros2_ws/src/d1_550_description -DCMAKE_INSTALL_PREFIX=/home/wso2/ros2_ws/install/d1_550_description
[0.066s] -- The C compiler identification is GNU 9.4.0
[0.123s] -- The CXX compiler identification is GNU 9.4.0
[0.128s] -- Check for working C compiler: /usr/bin/cc
[0.195s] -- Check for working C compiler: /usr/bin/cc -- works
[0.196s] -- Detecting C compiler ABI info
[0.269s] -- Detecting C compiler ABI info - done
[0.282s] -- Detecting C compile features
[0.282s] -- Detecting C compile features - done
[0.285s] -- Check for working CXX compiler: /usr/bin/c++
[0.376s] -- Check for working CXX compiler: /usr/bin/c++ -- works
[0.377s] -- Detecting CXX compiler ABI info
[0.457s] -- Detecting CXX compiler ABI info - done
[0.469s] -- Detecting CXX compile features
[0.470s] -- Detecting CXX compile features - done
[0.472s] -- Found ament_cmake: 0.9.12 (/opt/ros/foxy/share/ament_cmake/cmake)
[0.496s] -- Found PythonInterp: /usr/bin/python3 (found suitable version "3.8.10", minimum required is "3") 
[0.496s] -- Using PYTHON_EXECUTABLE: /usr/bin/python3
[0.770s] -- Configuring done
[0.772s] -- Generating done
[0.774s] -- Build files have been written to: /home/wso2/ros2_ws/build/d1_550_description
[0.777s] Invoked command in '/home/wso2/ros2_ws/build/d1_550_description' returned '0': CMAKE_PREFIX_PATH=${CMAKE_PREFIX_PATH}:/opt/ros/foxy /usr/bin/cmake /home/wso2/ros2_ws/src/d1_550_description -DCMAKE_INSTALL_PREFIX=/home/wso2/ros2_ws/install/d1_550_description
[0.779s] Invoking command in '/home/wso2/ros2_ws/build/d1_550_description': CMAKE_PREFIX_PATH=${CMAKE_PREFIX_PATH}:/opt/ros/foxy /usr/bin/cmake --build /home/wso2/ros2_ws/build/d1_550_description -- -j8 -l8
[0.822s] Invoked command in '/home/wso2/ros2_ws/build/d1_550_description' returned '0': CMAKE_PREFIX_PATH=${CMAKE_PREFIX_PATH}:/opt/ros/foxy /usr/bin/cmake --build /home/wso2/ros2_ws/build/d1_550_description -- -j8 -l8
[0.835s] Invoking command in '/home/wso2/ros2_ws/build/d1_550_description': CMAKE_PREFIX_PATH=${CMAKE_PREFIX_PATH}:/opt/ros/foxy /usr/bin/cmake --install /home/wso2/ros2_ws/build/d1_550_description
[0.844s] -- Install configuration: ""
[0.844s] -- Installing: /home/wso2/ros2_ws/install/d1_550_description/share/d1_550_description/urdf
[0.844s] -- Installing: /home/wso2/ros2_ws/install/d1_550_description/share/d1_550_description/urdf/d1_550_description.urdf.bak
[0.844s] -- Installing: /home/wso2/ros2_ws/install/d1_550_description/share/d1_550_description/urdf/Empty_Link3.STL
[0.844s] -- Installing: /home/wso2/ros2_ws/install/d1_550_description/share/d1_550_description/urdf/Empty_Link_R.STL
[0.845s] -- Installing: /home/wso2/ros2_ws/install/d1_550_description/share/d1_550_description/urdf/Empty_Link_L.STL
[0.845s] -- Installing: /home/wso2/ros2_ws/install/d1_550_description/share/d1_550_description/urdf/Empty_Link1.STL
[0.846s] -- Installing: /home/wso2/ros2_ws/install/d1_550_description/share/d1_550_description/urdf/d1_550_description.urdf
[0.846s] -- Installing: /home/wso2/ros2_ws/install/d1_550_description/share/d1_550_description/urdf/gazebo.launch.py
[0.846s] -- Installing: /home/wso2/ros2_ws/install/d1_550_description/share/d1_550_description/urdf/Empty_Link4.STL
[0.847s] -- Installing: /home/wso2/ros2_ws/install/d1_550_description/share/d1_550_description/urdf/Empty_Link2.STL
[0.848s] -- Installing: /home/wso2/ros2_ws/install/d1_550_description/share/d1_550_description/urdf/Empty_Link5.STL
[0.848s] -- Installing: /home/wso2/ros2_ws/install/d1_550_description/share/d1_550_description/urdf/base_link.STL
[0.850s] -- Installing: /home/wso2/ros2_ws/install/d1_550_description/share/d1_550_description/urdf/d1_550_description.csv
[0.850s] -- Installing: /home/wso2/ros2_ws/install/d1_550_description/share/d1_550_description/urdf/Empty_Link6.STL
[0.851s] -- Installing: /home/wso2/ros2_ws/install/d1_550_description/share/d1_550_description/meshes
[0.851s] -- Installing: /home/wso2/ros2_ws/install/d1_550_description/share/d1_550_description/meshes/Empty_Link3.STL
[0.851s] -- Installing: /home/wso2/ros2_ws/install/d1_550_description/share/d1_550_description/meshes/Empty_Link_R.STL
[0.852s] -- Installing: /home/wso2/ros2_ws/install/d1_550_description/share/d1_550_description/meshes/Empty_Link_L.STL
[0.852s] -- Installing: /home/wso2/ros2_ws/install/d1_550_description/share/d1_550_description/meshes/Empty_Link1.STL
[0.853s] -- Installing: /home/wso2/ros2_ws/install/d1_550_description/share/d1_550_description/meshes/Empty_Link4.STL
[0.854s] -- Installing: /home/wso2/ros2_ws/install/d1_550_description/share/d1_550_description/meshes/Empty_Link2.STL
[0.855s] -- Installing: /home/wso2/ros2_ws/install/d1_550_description/share/d1_550_description/meshes/Empty_Link5.STL
[0.855s] -- Installing: /home/wso2/ros2_ws/install/d1_550_description/share/d1_550_description/meshes/base_link.STL
[0.857s] -- Installing: /home/wso2/ros2_ws/install/d1_550_description/share/d1_550_description/meshes/Empty_Link6.STL
[0.857s] -- Installing: /home/wso2/ros2_ws/install/d1_550_description/share/d1_550_description/launch
[0.858s] -- Installing: /home/wso2/ros2_ws/install/d1_550_description/share/d1_550_description/launch/1gazebo.launch.py.bak
[0.858s] -- Installing: /home/wso2/ros2_ws/install/d1_550_description/share/d1_550_description/launch/gazebo.launch.py
[0.858s] -- Installing: /home/wso2/ros2_ws/install/d1_550_description/share/d1_550_description/config
[0.858s] -- Installing: /home/wso2/ros2_ws/install/d1_550_description/share/d1_550_description/config/controllers.yaml
[0.858s] -- Installing: /home/wso2/ros2_ws/install/d1_550_description/share/d1_550_description/config/joint_names_d1_550_description.yaml
[0.858s] -- Installing: /home/wso2/ros2_ws/install/d1_550_description/share/ament_index/resource_index/package_run_dependencies/d1_550_description
[0.859s] -- Installing: /home/wso2/ros2_ws/install/d1_550_description/share/ament_index/resource_index/parent_prefix_path/d1_550_description
[0.859s] -- Installing: /home/wso2/ros2_ws/install/d1_550_description/share/d1_550_description/environment/ament_prefix_path.sh
[0.859s] -- Installing: /home/wso2/ros2_ws/install/d1_550_description/share/d1_550_description/environment/ament_prefix_path.dsv
[0.859s] -- Installing: /home/wso2/ros2_ws/install/d1_550_description/share/d1_550_description/environment/path.sh
[0.860s] -- Installing: /home/wso2/ros2_ws/install/d1_550_description/share/d1_550_description/environment/path.dsv
[0.860s] -- Installing: /home/wso2/ros2_ws/install/d1_550_description/share/d1_550_description/local_setup.bash
[0.860s] -- Installing: /home/wso2/ros2_ws/install/d1_550_description/share/d1_550_description/local_setup.sh
[0.860s] -- Installing: /home/wso2/ros2_ws/install/d1_550_description/share/d1_550_description/local_setup.zsh
[0.861s] -- Installing: /home/wso2/ros2_ws/install/d1_550_description/share/d1_550_description/local_setup.dsv
[0.861s] -- Installing: /home/wso2/ros2_ws/install/d1_550_description/share/d1_550_description/package.dsv
[0.861s] -- Installing: /home/wso2/ros2_ws/install/d1_550_description/share/ament_index/resource_index/packages/d1_550_description
[0.861s] -- Installing: /home/wso2/ros2_ws/install/d1_550_description/share/d1_550_description/cmake/d1_550_descriptionConfig.cmake
[0.862s] -- Installing: /home/wso2/ros2_ws/install/d1_550_description/share/d1_550_description/cmake/d1_550_descriptionConfig-version.cmake
[0.862s] -- Installing: /home/wso2/ros2_ws/install/d1_550_description/share/d1_550_description/package.xml
[0.864s] Invoked command in '/home/wso2/ros2_ws/build/d1_550_description' returned '0': CMAKE_PREFIX_PATH=${CMAKE_PREFIX_PATH}:/opt/ros/foxy /usr/bin/cmake --install /home/wso2/ros2_ws/build/d1_550_description
