-- Install configuration: ""
-- Up-to-date: /home/wso2/ros2_ws/install/d1_550_description/share/d1_550_description/urdf
-- Up-to-date: /home/wso2/ros2_ws/install/d1_550_description/share/d1_550_description/urdf/Empty_Link3.STL
-- Up-to-date: /home/wso2/ros2_ws/install/d1_550_description/share/d1_550_description/urdf/Empty_Link_R.STL
-- Up-to-date: /home/wso2/ros2_ws/install/d1_550_description/share/d1_550_description/urdf/Empty_Link_L.STL
-- Up-to-date: /home/wso2/ros2_ws/install/d1_550_description/share/d1_550_description/urdf/Empty_Link1.STL
-- Installing: /home/wso2/ros2_ws/install/d1_550_description/share/d1_550_description/urdf/d1_550_description.urdf
-- Up-to-date: /home/wso2/ros2_ws/install/d1_550_description/share/d1_550_description/urdf/Empty_Link4.STL
-- Up-to-date: /home/wso2/ros2_ws/install/d1_550_description/share/d1_550_description/urdf/Empty_Link2.STL
-- Up-to-date: /home/wso2/ros2_ws/install/d1_550_description/share/d1_550_description/urdf/Empty_Link5.STL
-- Up-to-date: /home/wso2/ros2_ws/install/d1_550_description/share/d1_550_description/urdf/base_link.STL
-- Up-to-date: /home/wso2/ros2_ws/install/d1_550_description/share/d1_550_description/urdf/d1_550_description.csv
-- Up-to-date: /home/wso2/ros2_ws/install/d1_550_description/share/d1_550_description/urdf/Empty_Link6.STL
-- Up-to-date: /home/wso2/ros2_ws/install/d1_550_description/share/d1_550_description/meshes
-- Up-to-date: /home/wso2/ros2_ws/install/d1_550_description/share/d1_550_description/meshes/Empty_Link3.STL
-- Up-to-date: /home/wso2/ros2_ws/install/d1_550_description/share/d1_550_description/meshes/Empty_Link_R.STL
-- Up-to-date: /home/wso2/ros2_ws/install/d1_550_description/share/d1_550_description/meshes/Empty_Link_L.STL
-- Up-to-date: /home/wso2/ros2_ws/install/d1_550_description/share/d1_550_description/meshes/Empty_Link1.STL
-- Up-to-date: /home/wso2/ros2_ws/install/d1_550_description/share/d1_550_description/meshes/Empty_Link4.STL
-- Up-to-date: /home/wso2/ros2_ws/install/d1_550_description/share/d1_550_description/meshes/Empty_Link2.STL
-- Up-to-date: /home/wso2/ros2_ws/install/d1_550_description/share/d1_550_description/meshes/Empty_Link5.STL
-- Up-to-date: /home/wso2/ros2_ws/install/d1_550_description/share/d1_550_description/meshes/base_link.STL
-- Up-to-date: /home/wso2/ros2_ws/install/d1_550_description/share/d1_550_description/meshes/Empty_Link6.STL
-- Up-to-date: /home/wso2/ros2_ws/install/d1_550_description/share/d1_550_description/launch
-- Installing: /home/wso2/ros2_ws/install/d1_550_description/share/d1_550_description/launch/gazebo.launch.py
-- Up-to-date: /home/wso2/ros2_ws/install/d1_550_description/share/d1_550_description/config
-- Installing: /home/wso2/ros2_ws/install/d1_550_description/share/d1_550_description/config/controllers.yaml
-- Up-to-date: /home/wso2/ros2_ws/install/d1_550_description/share/d1_550_description/config/joint_names_d1_550_description.yaml
-- Up-to-date: /home/wso2/ros2_ws/install/d1_550_description/share/ament_index/resource_index/package_run_dependencies/d1_550_description
-- Up-to-date: /home/wso2/ros2_ws/install/d1_550_description/share/ament_index/resource_index/parent_prefix_path/d1_550_description
-- Up-to-date: /home/wso2/ros2_ws/install/d1_550_description/share/d1_550_description/environment/ament_prefix_path.sh
-- Up-to-date: /home/wso2/ros2_ws/install/d1_550_description/share/d1_550_description/environment/ament_prefix_path.dsv
-- Up-to-date: /home/wso2/ros2_ws/install/d1_550_description/share/d1_550_description/environment/path.sh
-- Up-to-date: /home/wso2/ros2_ws/install/d1_550_description/share/d1_550_description/environment/path.dsv
-- Up-to-date: /home/wso2/ros2_ws/install/d1_550_description/share/d1_550_description/local_setup.bash
-- Up-to-date: /home/wso2/ros2_ws/install/d1_550_description/share/d1_550_description/local_setup.sh
-- Up-to-date: /home/wso2/ros2_ws/install/d1_550_description/share/d1_550_description/local_setup.zsh
-- Up-to-date: /home/wso2/ros2_ws/install/d1_550_description/share/d1_550_description/local_setup.dsv
-- Installing: /home/wso2/ros2_ws/install/d1_550_description/share/d1_550_description/package.dsv
-- Up-to-date: /home/wso2/ros2_ws/install/d1_550_description/share/ament_index/resource_index/packages/d1_550_description
-- Up-to-date: /home/wso2/ros2_ws/install/d1_550_description/share/d1_550_description/cmake/d1_550_descriptionConfig.cmake
-- Up-to-date: /home/wso2/ros2_ws/install/d1_550_description/share/d1_550_description/cmake/d1_550_descriptionConfig-version.cmake
-- Up-to-date: /home/wso2/ros2_ws/install/d1_550_description/share/d1_550_description/package.xml
