[0.016s] Invoking command in '/home/wso2/ros2_ws/build/d1_550_description': CMAKE_PREFIX_PATH=/opt/ros/foxy:${CMAKE_PREFIX_PATH} /usr/bin/cmake --build /home/wso2/ros2_ws/build/d1_550_description -- -j8 -l8
[0.061s] Invoked command in '/home/wso2/ros2_ws/build/d1_550_description' returned '0': CMAKE_PREFIX_PATH=/opt/ros/foxy:${CMAKE_PREFIX_PATH} /usr/bin/cmake --build /home/wso2/ros2_ws/build/d1_550_description -- -j8 -l8
[0.075s] Invoking command in '/home/wso2/ros2_ws/build/d1_550_description': CMAKE_PREFIX_PATH=/opt/ros/foxy:${CMAKE_PREFIX_PATH} /usr/bin/cmake --install /home/wso2/ros2_ws/build/d1_550_description
[0.084s] -- Install configuration: ""
[0.085s] -- Up-to-date: /home/wso2/ros2_ws/install/d1_550_description/share/d1_550_description/urdf
[0.085s] -- Up-to-date: /home/wso2/ros2_ws/install/d1_550_description/share/d1_550_description/urdf/Empty_Link3.STL
[0.085s] -- Up-to-date: /home/wso2/ros2_ws/install/d1_550_description/share/d1_550_description/urdf/Empty_Link_R.STL
[0.085s] -- Up-to-date: /home/wso2/ros2_ws/install/d1_550_description/share/d1_550_description/urdf/Empty_Link_L.STL
[0.085s] -- Up-to-date: /home/wso2/ros2_ws/install/d1_550_description/share/d1_550_description/urdf/Empty_Link1.STL
[0.086s] -- Installing: /home/wso2/ros2_ws/install/d1_550_description/share/d1_550_description/urdf/d1_550_description.urdf
[0.086s] -- Up-to-date: /home/wso2/ros2_ws/install/d1_550_description/share/d1_550_description/urdf/Empty_Link4.STL
[0.086s] -- Up-to-date: /home/wso2/ros2_ws/install/d1_550_description/share/d1_550_description/urdf/Empty_Link2.STL
[0.086s] -- Up-to-date: /home/wso2/ros2_ws/install/d1_550_description/share/d1_550_description/urdf/Empty_Link5.STL
[0.086s] -- Up-to-date: /home/wso2/ros2_ws/install/d1_550_description/share/d1_550_description/urdf/base_link.STL
[0.086s] -- Up-to-date: /home/wso2/ros2_ws/install/d1_550_description/share/d1_550_description/urdf/d1_550_description.csv
[0.087s] -- Up-to-date: /home/wso2/ros2_ws/install/d1_550_description/share/d1_550_description/urdf/Empty_Link6.STL
[0.087s] -- Up-to-date: /home/wso2/ros2_ws/install/d1_550_description/share/d1_550_description/meshes
[0.087s] -- Up-to-date: /home/wso2/ros2_ws/install/d1_550_description/share/d1_550_description/meshes/Empty_Link3.STL
[0.087s] -- Up-to-date: /home/wso2/ros2_ws/install/d1_550_description/share/d1_550_description/meshes/Empty_Link_R.STL
[0.087s] -- Up-to-date: /home/wso2/ros2_ws/install/d1_550_description/share/d1_550_description/meshes/Empty_Link_L.STL
[0.087s] -- Up-to-date: /home/wso2/ros2_ws/install/d1_550_description/share/d1_550_description/meshes/Empty_Link1.STL
[0.087s] -- Up-to-date: /home/wso2/ros2_ws/install/d1_550_description/share/d1_550_description/meshes/Empty_Link4.STL
[0.087s] -- Up-to-date: /home/wso2/ros2_ws/install/d1_550_description/share/d1_550_description/meshes/Empty_Link2.STL
[0.088s] -- Up-to-date: /home/wso2/ros2_ws/install/d1_550_description/share/d1_550_description/meshes/Empty_Link5.STL
[0.088s] -- Up-to-date: /home/wso2/ros2_ws/install/d1_550_description/share/d1_550_description/meshes/base_link.STL
[0.088s] -- Up-to-date: /home/wso2/ros2_ws/install/d1_550_description/share/d1_550_description/meshes/Empty_Link6.STL
[0.088s] -- Up-to-date: /home/wso2/ros2_ws/install/d1_550_description/share/d1_550_description/launch
[0.089s] -- Installing: /home/wso2/ros2_ws/install/d1_550_description/share/d1_550_description/launch/gazebo.launch.py
[0.089s] -- Up-to-date: /home/wso2/ros2_ws/install/d1_550_description/share/d1_550_description/config
[0.090s] -- Installing: /home/wso2/ros2_ws/install/d1_550_description/share/d1_550_description/config/controllers.yaml
[0.090s] -- Up-to-date: /home/wso2/ros2_ws/install/d1_550_description/share/d1_550_description/config/joint_names_d1_550_description.yaml
[0.090s] -- Up-to-date: /home/wso2/ros2_ws/install/d1_550_description/share/ament_index/resource_index/package_run_dependencies/d1_550_description
[0.091s] -- Up-to-date: /home/wso2/ros2_ws/install/d1_550_description/share/ament_index/resource_index/parent_prefix_path/d1_550_description
[0.091s] -- Up-to-date: /home/wso2/ros2_ws/install/d1_550_description/share/d1_550_description/environment/ament_prefix_path.sh
[0.091s] -- Up-to-date: /home/wso2/ros2_ws/install/d1_550_description/share/d1_550_description/environment/ament_prefix_path.dsv
[0.092s] -- Up-to-date: /home/wso2/ros2_ws/install/d1_550_description/share/d1_550_description/environment/path.sh
[0.092s] -- Up-to-date: /home/wso2/ros2_ws/install/d1_550_description/share/d1_550_description/environment/path.dsv
[0.093s] -- Up-to-date: /home/wso2/ros2_ws/install/d1_550_description/share/d1_550_description/local_setup.bash
[0.093s] -- Up-to-date: /home/wso2/ros2_ws/install/d1_550_description/share/d1_550_description/local_setup.sh
[0.094s] -- Up-to-date: /home/wso2/ros2_ws/install/d1_550_description/share/d1_550_description/local_setup.zsh
[0.094s] -- Up-to-date: /home/wso2/ros2_ws/install/d1_550_description/share/d1_550_description/local_setup.dsv
[0.094s] -- Installing: /home/wso2/ros2_ws/install/d1_550_description/share/d1_550_description/package.dsv
[0.094s] -- Up-to-date: /home/wso2/ros2_ws/install/d1_550_description/share/ament_index/resource_index/packages/d1_550_description
[0.095s] -- Up-to-date: /home/wso2/ros2_ws/install/d1_550_description/share/d1_550_description/cmake/d1_550_descriptionConfig.cmake
[0.095s] -- Up-to-date: /home/wso2/ros2_ws/install/d1_550_description/share/d1_550_description/cmake/d1_550_descriptionConfig-version.cmake
[0.096s] -- Up-to-date: /home/wso2/ros2_ws/install/d1_550_description/share/d1_550_description/package.xml
[0.096s] Invoked command in '/home/wso2/ros2_ws/build/d1_550_description' returned '0': CMAKE_PREFIX_PATH=/opt/ros/foxy:${CMAKE_PREFIX_PATH} /usr/bin/cmake --install /home/wso2/ros2_ws/build/d1_550_description
