[0.013s] Invoking command in '/home/wso2/ros2_ws/build/d1_550_description': CMAKE_PREFIX_PATH=${CMAKE_PREFIX_PATH}:/opt/ros/foxy /usr/bin/cmake /home/wso2/ros2_ws/src/d1_550_description -DCMAKE_INSTALL_PREFIX=/home/wso2/ros2_ws/install/d1_550_description
[0.070s] -- The C compiler identification is GNU 9.4.0
[0.126s] -- The CXX compiler identification is GNU 9.4.0
[0.131s] -- Check for working C compiler: /usr/bin/cc
[0.197s] -- Check for working C compiler: /usr/bin/cc -- works
[0.198s] -- Detecting C compiler ABI info
[0.269s] -- Detecting C compiler ABI info - done
[0.282s] -- Detecting C compile features
[0.282s] -- Detecting C compile features - done
[0.285s] -- Check for working CXX compiler: /usr/bin/c++
[0.368s] -- Check for working CXX compiler: /usr/bin/c++ -- works
[0.369s] -- Detecting CXX compiler ABI info
[0.454s] -- Detecting CXX compiler ABI info - done
[0.469s] -- Detecting CXX compile features
[0.469s] -- Detecting CXX compile features - done
[0.472s] -- Found ament_cmake: 0.9.12 (/opt/ros/foxy/share/ament_cmake/cmake)
[0.497s] -- Found PythonInterp: /usr/bin/python3 (found suitable version "3.8.10", minimum required is "3") 
[0.497s] -- Using PYTHON_EXECUTABLE: /usr/bin/python3
[0.793s] -- Configuring done
[0.796s] -- Generating done
[0.798s] -- Build files have been written to: /home/wso2/ros2_ws/build/d1_550_description
[0.802s] Invoked command in '/home/wso2/ros2_ws/build/d1_550_description' returned '0': CMAKE_PREFIX_PATH=${CMAKE_PREFIX_PATH}:/opt/ros/foxy /usr/bin/cmake /home/wso2/ros2_ws/src/d1_550_description -DCMAKE_INSTALL_PREFIX=/home/wso2/ros2_ws/install/d1_550_description
[0.805s] Invoking command in '/home/wso2/ros2_ws/build/d1_550_description': CMAKE_PREFIX_PATH=${CMAKE_PREFIX_PATH}:/opt/ros/foxy /usr/bin/cmake --build /home/wso2/ros2_ws/build/d1_550_description -- -j8 -l8
[0.851s] Invoked command in '/home/wso2/ros2_ws/build/d1_550_description' returned '0': CMAKE_PREFIX_PATH=${CMAKE_PREFIX_PATH}:/opt/ros/foxy /usr/bin/cmake --build /home/wso2/ros2_ws/build/d1_550_description -- -j8 -l8
[0.865s] Invoking command in '/home/wso2/ros2_ws/build/d1_550_description': CMAKE_PREFIX_PATH=${CMAKE_PREFIX_PATH}:/opt/ros/foxy /usr/bin/cmake --install /home/wso2/ros2_ws/build/d1_550_description
[0.875s] -- Install configuration: ""
[0.875s] -- Installing: /home/wso2/ros2_ws/install/d1_550_description/share/d1_550_description/urdf
[0.875s] -- Installing: /home/wso2/ros2_ws/install/d1_550_description/share/d1_550_description/urdf/d1_550_description.urdf.bak
[0.875s] -- Installing: /home/wso2/ros2_ws/install/d1_550_description/share/d1_550_description/urdf/Empty_Link3.STL
[0.875s] -- Installing: /home/wso2/ros2_ws/install/d1_550_description/share/d1_550_description/urdf/Empty_Link_R.STL
[0.876s] -- Installing: /home/wso2/ros2_ws/install/d1_550_description/share/d1_550_description/urdf/Empty_Link_L.STL
[0.876s] -- Installing: /home/wso2/ros2_ws/install/d1_550_description/share/d1_550_description/urdf/Empty_Link1.STL
[0.877s] -- Installing: /home/wso2/ros2_ws/install/d1_550_description/share/d1_550_description/urdf/d1_550_description.urdf
[0.877s] -- Installing: /home/wso2/ros2_ws/install/d1_550_description/share/d1_550_description/urdf/Empty_Link4.STL
[0.877s] -- Installing: /home/wso2/ros2_ws/install/d1_550_description/share/d1_550_description/urdf/Empty_Link2.STL
[0.878s] -- Installing: /home/wso2/ros2_ws/install/d1_550_description/share/d1_550_description/urdf/Empty_Link5.STL
[0.878s] -- Installing: /home/wso2/ros2_ws/install/d1_550_description/share/d1_550_description/urdf/base_link.STL
[0.880s] -- Installing: /home/wso2/ros2_ws/install/d1_550_description/share/d1_550_description/urdf/d1_550_description.csv
[0.880s] -- Installing: /home/wso2/ros2_ws/install/d1_550_description/share/d1_550_description/urdf/Empty_Link6.STL
[0.880s] -- Installing: /home/wso2/ros2_ws/install/d1_550_description/share/d1_550_description/meshes
[0.881s] -- Installing: /home/wso2/ros2_ws/install/d1_550_description/share/d1_550_description/meshes/Empty_Link3.STL
[0.881s] -- Installing: /home/wso2/ros2_ws/install/d1_550_description/share/d1_550_description/meshes/Empty_Link_R.STL
[0.881s] -- Installing: /home/wso2/ros2_ws/install/d1_550_description/share/d1_550_description/meshes/Empty_Link_L.STL
[0.881s] -- Installing: /home/wso2/ros2_ws/install/d1_550_description/share/d1_550_description/meshes/Empty_Link1.STL
[0.882s] -- Installing: /home/wso2/ros2_ws/install/d1_550_description/share/d1_550_description/meshes/Empty_Link4.STL
[0.882s] -- Installing: /home/wso2/ros2_ws/install/d1_550_description/share/d1_550_description/meshes/Empty_Link2.STL
[0.883s] -- Installing: /home/wso2/ros2_ws/install/d1_550_description/share/d1_550_description/meshes/Empty_Link5.STL
[0.884s] -- Installing: /home/wso2/ros2_ws/install/d1_550_description/share/d1_550_description/meshes/base_link.STL
[0.885s] -- Installing: /home/wso2/ros2_ws/install/d1_550_description/share/d1_550_description/meshes/Empty_Link6.STL
[0.885s] -- Installing: /home/wso2/ros2_ws/install/d1_550_description/share/d1_550_description/launch
[0.885s] -- Installing: /home/wso2/ros2_ws/install/d1_550_description/share/d1_550_description/launch/1gazebo.launch.py.bak
[0.885s] -- Installing: /home/wso2/ros2_ws/install/d1_550_description/share/d1_550_description/launch/gazebo.launch.py
[0.885s] -- Installing: /home/wso2/ros2_ws/install/d1_550_description/share/d1_550_description/config
[0.886s] -- Installing: /home/wso2/ros2_ws/install/d1_550_description/share/d1_550_description/config/controllers.yaml
[0.886s] -- Installing: /home/wso2/ros2_ws/install/d1_550_description/share/d1_550_description/config/joint_names_d1_550_description.yaml
[0.886s] -- Installing: /home/wso2/ros2_ws/install/d1_550_description/share/ament_index/resource_index/package_run_dependencies/d1_550_description
[0.886s] -- Installing: /home/wso2/ros2_ws/install/d1_550_description/share/ament_index/resource_index/parent_prefix_path/d1_550_description
[0.886s] -- Installing: /home/wso2/ros2_ws/install/d1_550_description/share/d1_550_description/environment/ament_prefix_path.sh
[0.886s] -- Installing: /home/wso2/ros2_ws/install/d1_550_description/share/d1_550_description/environment/ament_prefix_path.dsv
[0.887s] -- Installing: /home/wso2/ros2_ws/install/d1_550_description/share/d1_550_description/environment/path.sh
[0.887s] -- Installing: /home/wso2/ros2_ws/install/d1_550_description/share/d1_550_description/environment/path.dsv
[0.887s] -- Installing: /home/wso2/ros2_ws/install/d1_550_description/share/d1_550_description/local_setup.bash
[0.887s] -- Installing: /home/wso2/ros2_ws/install/d1_550_description/share/d1_550_description/local_setup.sh
[0.887s] -- Installing: /home/wso2/ros2_ws/install/d1_550_description/share/d1_550_description/local_setup.zsh
[0.888s] -- Installing: /home/wso2/ros2_ws/install/d1_550_description/share/d1_550_description/local_setup.dsv
[0.888s] -- Installing: /home/wso2/ros2_ws/install/d1_550_description/share/d1_550_description/package.dsv
[0.888s] -- Installing: /home/wso2/ros2_ws/install/d1_550_description/share/ament_index/resource_index/packages/d1_550_description
[0.888s] -- Installing: /home/wso2/ros2_ws/install/d1_550_description/share/d1_550_description/cmake/d1_550_descriptionConfig.cmake
[0.888s] -- Installing: /home/wso2/ros2_ws/install/d1_550_description/share/d1_550_description/cmake/d1_550_descriptionConfig-version.cmake
[0.889s] -- Installing: /home/wso2/ros2_ws/install/d1_550_description/share/d1_550_description/package.xml
[0.891s] Invoked command in '/home/wso2/ros2_ws/build/d1_550_description' returned '0': CMAKE_PREFIX_PATH=${CMAKE_PREFIX_PATH}:/opt/ros/foxy /usr/bin/cmake --install /home/wso2/ros2_ws/build/d1_550_description
