[0.014s] Invoking command in '/home/wso2/ros2_ws/build/d1_550_description': CMAKE_PREFIX_PATH=/opt/ros/foxy /usr/bin/cmake /home/wso2/ros2_ws/src/d1_550_description -DCMAKE_INSTALL_PREFIX=/home/wso2/ros2_ws/install/d1_550_description
[0.033s] -- Found ament_cmake: 0.9.12 (/opt/ros/foxy/share/ament_cmake/cmake)
[0.059s] -- Found PythonInterp: /usr/bin/python3 (found suitable version "3.8.10", minimum required is "3") 
[0.059s] -- Using PYTHON_EXECUTABLE: /usr/bin/python3
[0.352s] -- Configuring done
[0.355s] -- Generating done
[0.356s] -- Build files have been written to: /home/wso2/ros2_ws/build/d1_550_description
[0.359s] Invoked command in '/home/wso2/ros2_ws/build/d1_550_description' returned '0': CMAKE_PREFIX_PATH=/opt/ros/foxy /usr/bin/cmake /home/wso2/ros2_ws/src/d1_550_description -DCMAKE_INSTALL_PREFIX=/home/wso2/ros2_ws/install/d1_550_description
[0.361s] Invoking command in '/home/wso2/ros2_ws/build/d1_550_description': CMAKE_PREFIX_PATH=/opt/ros/foxy /usr/bin/cmake --build /home/wso2/ros2_ws/build/d1_550_description -- -j8 -l8
[0.400s] Invoked command in '/home/wso2/ros2_ws/build/d1_550_description' returned '0': CMAKE_PREFIX_PATH=/opt/ros/foxy /usr/bin/cmake --build /home/wso2/ros2_ws/build/d1_550_description -- -j8 -l8
[0.414s] Invoking command in '/home/wso2/ros2_ws/build/d1_550_description': CMAKE_PREFIX_PATH=/opt/ros/foxy /usr/bin/cmake --install /home/wso2/ros2_ws/build/d1_550_description
[0.424s] -- Install configuration: ""
[0.425s] -- Installing: /home/wso2/ros2_ws/install/d1_550_description/share/d1_550_description/urdf
[0.425s] -- Installing: /home/wso2/ros2_ws/install/d1_550_description/share/d1_550_description/urdf/Empty_Link3.STL
[0.425s] -- Installing: /home/wso2/ros2_ws/install/d1_550_description/share/d1_550_description/urdf/Empty_Link_R.STL
[0.425s] -- Installing: /home/wso2/ros2_ws/install/d1_550_description/share/d1_550_description/urdf/Empty_Link_L.STL
[0.426s] -- Installing: /home/wso2/ros2_ws/install/d1_550_description/share/d1_550_description/urdf/Empty_Link1.STL
[0.427s] -- Installing: /home/wso2/ros2_ws/install/d1_550_description/share/d1_550_description/urdf/d1_550_description.urdf
[0.427s] -- Installing: /home/wso2/ros2_ws/install/d1_550_description/share/d1_550_description/urdf/Empty_Link4.STL
[0.427s] -- Installing: /home/wso2/ros2_ws/install/d1_550_description/share/d1_550_description/urdf/Empty_Link2.STL
[0.428s] -- Installing: /home/wso2/ros2_ws/install/d1_550_description/share/d1_550_description/urdf/Empty_Link5.STL
[0.428s] -- Installing: /home/wso2/ros2_ws/install/d1_550_description/share/d1_550_description/urdf/base_link.STL
[0.429s] -- Installing: /home/wso2/ros2_ws/install/d1_550_description/share/d1_550_description/urdf/d1_550_description.csv
[0.430s] -- Installing: /home/wso2/ros2_ws/install/d1_550_description/share/d1_550_description/urdf/Empty_Link6.STL
[0.430s] -- Installing: /home/wso2/ros2_ws/install/d1_550_description/share/d1_550_description/meshes
[0.430s] -- Installing: /home/wso2/ros2_ws/install/d1_550_description/share/d1_550_description/meshes/Empty_Link3.STL
[0.430s] -- Installing: /home/wso2/ros2_ws/install/d1_550_description/share/d1_550_description/meshes/Empty_Link_R.STL
[0.431s] -- Installing: /home/wso2/ros2_ws/install/d1_550_description/share/d1_550_description/meshes/Empty_Link_L.STL
[0.431s] -- Installing: /home/wso2/ros2_ws/install/d1_550_description/share/d1_550_description/meshes/Empty_Link1.STL
[0.432s] -- Installing: /home/wso2/ros2_ws/install/d1_550_description/share/d1_550_description/meshes/Empty_Link4.STL
[0.432s] -- Installing: /home/wso2/ros2_ws/install/d1_550_description/share/d1_550_description/meshes/Empty_Link2.STL
[0.433s] -- Installing: /home/wso2/ros2_ws/install/d1_550_description/share/d1_550_description/meshes/Empty_Link5.STL
[0.433s] -- Installing: /home/wso2/ros2_ws/install/d1_550_description/share/d1_550_description/meshes/base_link.STL
[0.435s] -- Installing: /home/wso2/ros2_ws/install/d1_550_description/share/d1_550_description/meshes/Empty_Link6.STL
[0.435s] -- Installing: /home/wso2/ros2_ws/install/d1_550_description/share/d1_550_description/launch
[0.435s] -- Installing: /home/wso2/ros2_ws/install/d1_550_description/share/d1_550_description/launch/gazebo.launch.py
[0.435s] -- Installing: /home/wso2/ros2_ws/install/d1_550_description/share/d1_550_description/config
[0.436s] -- Installing: /home/wso2/ros2_ws/install/d1_550_description/share/d1_550_description/config/joint_names_d1_550_description.yaml
[0.436s] -- Installing: /home/wso2/ros2_ws/install/d1_550_description/share/ament_index/resource_index/package_run_dependencies/d1_550_description
[0.436s] -- Installing: /home/wso2/ros2_ws/install/d1_550_description/share/ament_index/resource_index/parent_prefix_path/d1_550_description
[0.436s] -- Installing: /home/wso2/ros2_ws/install/d1_550_description/share/d1_550_description/environment/ament_prefix_path.sh
[0.437s] -- Installing: /home/wso2/ros2_ws/install/d1_550_description/share/d1_550_description/environment/ament_prefix_path.dsv
[0.437s] -- Installing: /home/wso2/ros2_ws/install/d1_550_description/share/d1_550_description/environment/path.sh
[0.437s] -- Installing: /home/wso2/ros2_ws/install/d1_550_description/share/d1_550_description/environment/path.dsv
[0.437s] -- Installing: /home/wso2/ros2_ws/install/d1_550_description/share/d1_550_description/local_setup.bash
[0.437s] -- Installing: /home/wso2/ros2_ws/install/d1_550_description/share/d1_550_description/local_setup.sh
[0.438s] -- Installing: /home/wso2/ros2_ws/install/d1_550_description/share/d1_550_description/local_setup.zsh
[0.438s] -- Installing: /home/wso2/ros2_ws/install/d1_550_description/share/d1_550_description/local_setup.dsv
[0.438s] -- Installing: /home/wso2/ros2_ws/install/d1_550_description/share/d1_550_description/package.dsv
[0.438s] -- Installing: /home/wso2/ros2_ws/install/d1_550_description/share/ament_index/resource_index/packages/d1_550_description
[0.439s] -- Installing: /home/wso2/ros2_ws/install/d1_550_description/share/d1_550_description/cmake/d1_550_descriptionConfig.cmake
[0.439s] -- Installing: /home/wso2/ros2_ws/install/d1_550_description/share/d1_550_description/cmake/d1_550_descriptionConfig-version.cmake
[0.439s] -- Installing: /home/wso2/ros2_ws/install/d1_550_description/share/d1_550_description/package.xml
[0.442s] Invoked command in '/home/wso2/ros2_ws/build/d1_550_description' returned '0': CMAKE_PREFIX_PATH=/opt/ros/foxy /usr/bin/cmake --install /home/wso2/ros2_ws/build/d1_550_description
