[0.014s] Invoking command in '/home/wso2/ros2_ws/build/d1_550_description': CMAKE_PREFIX_PATH=${CMAKE_PREFIX_PATH}:/opt/ros/foxy /usr/bin/cmake --build /home/wso2/ros2_ws/build/d1_550_description -- -j8 -l8
[0.055s] Invoked command in '/home/wso2/ros2_ws/build/d1_550_description' returned '0': CMAKE_PREFIX_PATH=${CMAKE_PREFIX_PATH}:/opt/ros/foxy /usr/bin/cmake --build /home/wso2/ros2_ws/build/d1_550_description -- -j8 -l8
[0.068s] Invoking command in '/home/wso2/ros2_ws/build/d1_550_description': CMAKE_PREFIX_PATH=${CMAKE_PREFIX_PATH}:/opt/ros/foxy /usr/bin/cmake --install /home/wso2/ros2_ws/build/d1_550_description
[0.076s] -- Install configuration: ""
[0.076s] -- Up-to-date: /home/wso2/ros2_ws/install/d1_550_description/share/d1_550_description/urdf
[0.077s] -- Up-to-date: /home/wso2/ros2_ws/install/d1_550_description/share/d1_550_description/urdf/d1_550_description.urdf.bak
[0.077s] -- Up-to-date: /home/wso2/ros2_ws/install/d1_550_description/share/d1_550_description/urdf/Empty_Link3.STL
[0.077s] -- Up-to-date: /home/wso2/ros2_ws/install/d1_550_description/share/d1_550_description/urdf/Empty_Link_R.STL
[0.077s] -- Up-to-date: /home/wso2/ros2_ws/install/d1_550_description/share/d1_550_description/urdf/Empty_Link_L.STL
[0.077s] -- Up-to-date: /home/wso2/ros2_ws/install/d1_550_description/share/d1_550_description/urdf/Empty_Link1.STL
[0.077s] -- Up-to-date: /home/wso2/ros2_ws/install/d1_550_description/share/d1_550_description/urdf/d1_550_description.urdf
[0.077s] -- Up-to-date: /home/wso2/ros2_ws/install/d1_550_description/share/d1_550_description/urdf/Empty_Link4.STL
[0.077s] -- Up-to-date: /home/wso2/ros2_ws/install/d1_550_description/share/d1_550_description/urdf/Empty_Link2.STL
[0.077s] -- Up-to-date: /home/wso2/ros2_ws/install/d1_550_description/share/d1_550_description/urdf/Empty_Link5.STL
[0.078s] -- Up-to-date: /home/wso2/ros2_ws/install/d1_550_description/share/d1_550_description/urdf/base_link.STL
[0.078s] -- Up-to-date: /home/wso2/ros2_ws/install/d1_550_description/share/d1_550_description/urdf/d1_550_description.csv
[0.078s] -- Up-to-date: /home/wso2/ros2_ws/install/d1_550_description/share/d1_550_description/urdf/Empty_Link6.STL
[0.078s] -- Up-to-date: /home/wso2/ros2_ws/install/d1_550_description/share/d1_550_description/meshes
[0.078s] -- Up-to-date: /home/wso2/ros2_ws/install/d1_550_description/share/d1_550_description/meshes/Empty_Link3.STL
[0.078s] -- Up-to-date: /home/wso2/ros2_ws/install/d1_550_description/share/d1_550_description/meshes/Empty_Link_R.STL
[0.078s] -- Up-to-date: /home/wso2/ros2_ws/install/d1_550_description/share/d1_550_description/meshes/Empty_Link_L.STL
[0.079s] -- Up-to-date: /home/wso2/ros2_ws/install/d1_550_description/share/d1_550_description/meshes/Empty_Link1.STL
[0.079s] -- Up-to-date: /home/wso2/ros2_ws/install/d1_550_description/share/d1_550_description/meshes/Empty_Link4.STL
[0.079s] -- Up-to-date: /home/wso2/ros2_ws/install/d1_550_description/share/d1_550_description/meshes/Empty_Link2.STL
[0.079s] -- Up-to-date: /home/wso2/ros2_ws/install/d1_550_description/share/d1_550_description/meshes/Empty_Link5.STL
[0.079s] -- Up-to-date: /home/wso2/ros2_ws/install/d1_550_description/share/d1_550_description/meshes/base_link.STL
[0.079s] -- Up-to-date: /home/wso2/ros2_ws/install/d1_550_description/share/d1_550_description/meshes/Empty_Link6.STL
[0.079s] -- Up-to-date: /home/wso2/ros2_ws/install/d1_550_description/share/d1_550_description/launch
[0.079s] -- Up-to-date: /home/wso2/ros2_ws/install/d1_550_description/share/d1_550_description/launch/1gazebo.launch.py.bak
[0.079s] -- Installing: /home/wso2/ros2_ws/install/d1_550_description/share/d1_550_description/launch/gazebo.launch.py
[0.079s] -- Up-to-date: /home/wso2/ros2_ws/install/d1_550_description/share/d1_550_description/config
[0.079s] -- Installing: /home/wso2/ros2_ws/install/d1_550_description/share/d1_550_description/config/controllers.yaml
[0.079s] -- Up-to-date: /home/wso2/ros2_ws/install/d1_550_description/share/d1_550_description/config/joint_names_d1_550_description.yaml
[0.079s] -- Up-to-date: /home/wso2/ros2_ws/install/d1_550_description/share/ament_index/resource_index/package_run_dependencies/d1_550_description
[0.080s] -- Up-to-date: /home/wso2/ros2_ws/install/d1_550_description/share/ament_index/resource_index/parent_prefix_path/d1_550_description
[0.080s] -- Up-to-date: /home/wso2/ros2_ws/install/d1_550_description/share/d1_550_description/environment/ament_prefix_path.sh
[0.080s] -- Up-to-date: /home/wso2/ros2_ws/install/d1_550_description/share/d1_550_description/environment/ament_prefix_path.dsv
[0.080s] -- Up-to-date: /home/wso2/ros2_ws/install/d1_550_description/share/d1_550_description/environment/path.sh
[0.080s] -- Up-to-date: /home/wso2/ros2_ws/install/d1_550_description/share/d1_550_description/environment/path.dsv
[0.080s] -- Up-to-date: /home/wso2/ros2_ws/install/d1_550_description/share/d1_550_description/local_setup.bash
[0.081s] -- Up-to-date: /home/wso2/ros2_ws/install/d1_550_description/share/d1_550_description/local_setup.sh
[0.081s] -- Up-to-date: /home/wso2/ros2_ws/install/d1_550_description/share/d1_550_description/local_setup.zsh
[0.081s] -- Up-to-date: /home/wso2/ros2_ws/install/d1_550_description/share/d1_550_description/local_setup.dsv
[0.082s] -- Up-to-date: /home/wso2/ros2_ws/install/d1_550_description/share/d1_550_description/package.dsv
[0.082s] -- Up-to-date: /home/wso2/ros2_ws/install/d1_550_description/share/ament_index/resource_index/packages/d1_550_description
[0.082s] -- Up-to-date: /home/wso2/ros2_ws/install/d1_550_description/share/d1_550_description/cmake/d1_550_descriptionConfig.cmake
[0.082s] -- Up-to-date: /home/wso2/ros2_ws/install/d1_550_description/share/d1_550_description/cmake/d1_550_descriptionConfig-version.cmake
[0.082s] -- Up-to-date: /home/wso2/ros2_ws/install/d1_550_description/share/d1_550_description/package.xml
[0.083s] Invoked command in '/home/wso2/ros2_ws/build/d1_550_description' returned '0': CMAKE_PREFIX_PATH=${CMAKE_PREFIX_PATH}:/opt/ros/foxy /usr/bin/cmake --install /home/wso2/ros2_ws/build/d1_550_description
